---
source: src/ttt/game.rs
expression: game_output
---
- - 1
  - NotFinished
  - false
  - - 0
    - 0
    - 1
    - 0
    - 0
    - 0
    - 0
    - 0
    - 0
- - 2
  - NotFinished
  - false
  - - 0
    - 0
    - 1
    - 0
    - 0
    - 0
    - 0
    - 0
    - 2
- - 1
  - NotFinished
  - false
  - - 0
    - 0
    - 1
    - 0
    - 0
    - 1
    - 0
    - 0
    - 2
- - 2
  - NotFinished
  - false
  - - 2
    - 0
    - 1
    - 0
    - 0
    - 1
    - 0
    - 0
    - 2
- - 1
  - NotFinished
  - false
  - - 2
    - 0
    - 1
    - 0
    - 0
    - 1
    - 1
    - 0
    - 2
- - 2
  - NotFinished
  - false
  - - 2
    - 0
    - 1
    - 2
    - 0
    - 1
    - 1
    - 0
    - 2
- - 1
  - NotFinished
  - false
  - - 2
    - 1
    - 1
    - 2
    - 0
    - 1
    - 1
    - 0
    - 2
- - 2
  - NaughtWin
  - true
  - - 2
    - 1
    - 1
    - 2
    - 2
    - 1
    - 1
    - 0
    - 2
- - 1
  - NotFinished
  - false
  - - 0
    - 0
    - 0
    - 0
    - 0
    - 1
    - 0
    - 0
    - 0
- - 2
  - NotFinished
  - false
  - - 0
    - 0
    - 0
    - 2
    - 0
    - 1
    - 0
    - 0
    - 0
- - 1
  - NotFinished
  - false
  - - 0
    - 0
    - 0
    - 2
    - 0
    - 1
    - 0
    - 1
    - 0
- - 2
  - NotFinished
  - false
  - - 0
    - 0
    - 2
    - 2
    - 0
    - 1
    - 0
    - 1
    - 0
- - 1
  - NotFinished
  - false
  - - 0
    - 0
    - 2
    - 2
    - 1
    - 1
    - 0
    - 1
    - 0
- - 2
  - NotFinished
  - false
  - - 0
    - 2
    - 2
    - 2
    - 1
    - 1
    - 0
    - 1
    - 0
- - 1
  - NotFinished
  - false
  - - 0
    - 2
    - 2
    - 2
    - 1
    - 1
    - 1
    - 1
    - 0
- - 2
  - NotFinished
  - false
  - - 0
    - 2
    - 2
    - 2
    - 1
    - 1
    - 1
    - 1
    - 2
- - 1
  - Draw
  - true
  - - 1
    - 2
    - 2
    - 2
    - 1
    - 1
    - 1
    - 1
    - 2
- - 1
  - NotFinished
  - false
  - - 0
    - 0
    - 0
    - 0
    - 0
    - 1
    - 0
    - 0
    - 0
- - 2
  - NotFinished
  - false
  - - 0
    - 0
    - 0
    - 2
    - 0
    - 1
    - 0
    - 0
    - 0
- - 1
  - NotFinished
  - false
  - - 0
    - 0
    - 0
    - 2
    - 1
    - 1
    - 0
    - 0
    - 0
- - 2
  - NotFinished
  - false
  - - 2
    - 0
    - 0
    - 2
    - 1
    - 1
    - 0
    - 0
    - 0
- - 1
  - NotFinished
  - false
  - - 2
    - 0
    - 0
    - 2
    - 1
    - 1
    - 1
    - 0
    - 0
- - 2
  - NotFinished
  - false
  - - 2
    - 0
    - 0
    - 2
    - 1
    - 1
    - 1
    - 2
    - 0
- - 1
  - NotFinished
  - false
  - - 2
    - 1
    - 0
    - 2
    - 1
    - 1
    - 1
    - 2
    - 0
- - 2
  - NotFinished
  - false
  - - 2
    - 1
    - 2
    - 2
    - 1
    - 1
    - 1
    - 2
    - 0
- - 1
  - Draw
  - true
  - - 2
    - 1
    - 2
    - 2
    - 1
    - 1
    - 1
    - 2
    - 1
- - 1
  - NotFinished
  - false
  - - 0
    - 0
    - 1
    - 0
    - 0
    - 0
    - 0
    - 0
    - 0
- - 2
  - NotFinished
  - false
  - - 0
    - 0
    - 1
    - 0
    - 2
    - 0
    - 0
    - 0
    - 0
- - 1
  - NotFinished
  - false
  - - 0
    - 0
    - 1
    - 0
    - 2
    - 0
    - 0
    - 0
    - 1
- - 2
  - NotFinished
  - false
  - - 2
    - 0
    - 1
    - 0
    - 2
    - 0
    - 0
    - 0
    - 1
- - 1
  - NotFinished
  - false
  - - 2
    - 0
    - 1
    - 1
    - 2
    - 0
    - 0
    - 0
    - 1
- - 2
  - NotFinished
  - false
  - - 2
    - 0
    - 1
    - 1
    - 2
    - 0
    - 0
    - 2
    - 1
- - 1
  - CrossWin
  - true
  - - 2
    - 0
    - 1
    - 1
    - 2
    - 1
    - 0
    - 2
    - 1
- - 1
  - NotFinished
  - false
  - - 1
    - 0
    - 0
    - 0
    - 0
    - 0
    - 0
    - 0
    - 0
- - 2
  - NotFinished
  - false
  - - 1
    - 0
    - 0
    - 0
    - 0
    - 0
    - 2
    - 0
    - 0
- - 1
  - NotFinished
  - false
  - - 1
    - 0
    - 0
    - 1
    - 0
    - 0
    - 2
    - 0
    - 0
- - 2
  - NotFinished
  - false
  - - 1
    - 0
    - 2
    - 1
    - 0
    - 0
    - 2
    - 0
    - 0
- - 1
  - NotFinished
  - false
  - - 1
    - 0
    - 2
    - 1
    - 0
    - 1
    - 2
    - 0
    - 0
- - 2
  - NaughtWin
  - true
  - - 1
    - 0
    - 2
    - 1
    - 2
    - 1
    - 2
    - 0
    - 0
- - 1
  - NotFinished
  - false
  - - 0
    - 0
    - 0
    - 1
    - 0
    - 0
    - 0
    - 0
    - 0
- - 2
  - NotFinished
  - false
  - - 0
    - 0
    - 0
    - 1
    - 0
    - 0
    - 0
    - 0
    - 2
- - 1
  - NotFinished
  - false
  - - 0
    - 0
    - 0
    - 1
    - 1
    - 0
    - 0
    - 0
    - 2
- - 2
  - NotFinished
  - false
  - - 2
    - 0
    - 0
    - 1
    - 1
    - 0
    - 0
    - 0
    - 2
- - 1
  - CrossWin
  - true
  - - 2
    - 0
    - 0
    - 1
    - 1
    - 1
    - 0
    - 0
    - 2
- - 1
  - NotFinished
  - false
  - - 0
    - 1
    - 0
    - 0
    - 0
    - 0
    - 0
    - 0
    - 0
- - 2
  - NotFinished
  - false
  - - 0
    - 1
    - 0
    - 0
    - 0
    - 0
    - 2
    - 0
    - 0
- - 1
  - NotFinished
  - false
  - - 0
    - 1
    - 0
    - 1
    - 0
    - 0
    - 2
    - 0
    - 0
- - 2
  - NotFinished
  - false
  - - 0
    - 1
    - 0
    - 1
    - 0
    - 0
    - 2
    - 0
    - 2
- - 1
  - NotFinished
  - false
  - - 1
    - 1
    - 0
    - 1
    - 0
    - 0
    - 2
    - 0
    - 2
- - 2
  - NotFinished
  - false
  - - 1
    - 1
    - 0
    - 1
    - 0
    - 2
    - 2
    - 0
    - 2
- - 1
  - CrossWin
  - true
  - - 1
    - 1
    - 1
    - 1
    - 0
    - 2
    - 2
    - 0
    - 2
- - 1
  - NotFinished
  - false
  - - 0
    - 0
    - 0
    - 1
    - 0
    - 0
    - 0
    - 0
    - 0
- - 2
  - NotFinished
  - false
  - - 2
    - 0
    - 0
    - 1
    - 0
    - 0
    - 0
    - 0
    - 0
- - 1
  - NotFinished
  - false
  - - 2
    - 0
    - 1
    - 1
    - 0
    - 0
    - 0
    - 0
    - 0
- - 2
  - NotFinished
  - false
  - - 2
    - 0
    - 1
    - 1
    - 0
    - 2
    - 0
    - 0
    - 0
- - 1
  - NotFinished
  - false
  - - 2
    - 0
    - 1
    - 1
    - 0
    - 2
    - 0
    - 0
    - 1
- - 2
  - NotFinished
  - false
  - - 2
    - 2
    - 1
    - 1
    - 0
    - 2
    - 0
    - 0
    - 1
- - 1
  - NotFinished
  - false
  - - 2
    - 2
    - 1
    - 1
    - 1
    - 2
    - 0
    - 0
    - 1
- - 2
  - NotFinished
  - false
  - - 2
    - 2
    - 1
    - 1
    - 1
    - 2
    - 0
    - 2
    - 1
- - 1
  - CrossWin
  - true
  - - 2
    - 2
    - 1
    - 1
    - 1
    - 2
    - 1
    - 2
    - 1
- - 1
  - NotFinished
  - false
  - - 0
    - 1
    - 0
    - 0
    - 0
    - 0
    - 0
    - 0
    - 0
- - 2
  - NotFinished
  - false
  - - 0
    - 1
    - 0
    - 0
    - 0
    - 0
    - 0
    - 2
    - 0
- - 1
  - NotFinished
  - false
  - - 0
    - 1
    - 0
    - 0
    - 0
    - 1
    - 0
    - 2
    - 0
- - 2
  - NotFinished
  - false
  - - 0
    - 1
    - 0
    - 2
    - 0
    - 1
    - 0
    - 2
    - 0
- - 1
  - NotFinished
  - false
  - - 0
    - 1
    - 1
    - 2
    - 0
    - 1
    - 0
    - 2
    - 0
- - 2
  - NotFinished
  - false
  - - 0
    - 1
    - 1
    - 2
    - 0
    - 1
    - 0
    - 2
    - 2
- - 1
  - NotFinished
  - false
  - - 0
    - 1
    - 1
    - 2
    - 1
    - 1
    - 0
    - 2
    - 2
- - 2
  - NaughtWin
  - true
  - - 0
    - 1
    - 1
    - 2
    - 1
    - 1
    - 2
    - 2
    - 2
- - 1
  - NotFinished
  - false
  - - 0
    - 0
    - 0
    - 0
    - 0
    - 0
    - 0
    - 1
    - 0
- - 2
  - NotFinished
  - false
  - - 2
    - 0
    - 0
    - 0
    - 0
    - 0
    - 0
    - 1
    - 0
- - 1
  - NotFinished
  - false
  - - 2
    - 0
    - 0
    - 0
    - 0
    - 0
    - 1
    - 1
    - 0
- - 2
  - NotFinished
  - false
  - - 2
    - 0
    - 0
    - 2
    - 0
    - 0
    - 1
    - 1
    - 0
- - 1
  - CrossWin
  - true
  - - 2
    - 0
    - 0
    - 2
    - 0
    - 0
    - 1
    - 1
    - 1
- - 1
  - NotFinished
  - false
  - - 0
    - 0
    - 0
    - 0
    - 0
    - 0
    - 0
    - 0
    - 1
- - 2
  - NotFinished
  - false
  - - 0
    - 0
    - 0
    - 0
    - 0
    - 2
    - 0
    - 0
    - 1
- - 1
  - NotFinished
  - false
  - - 0
    - 0
    - 0
    - 0
    - 0
    - 2
    - 0
    - 1
    - 1
- - 2
  - NotFinished
  - false
  - - 0
    - 0
    - 2
    - 0
    - 0
    - 2
    - 0
    - 1
    - 1
- - 1
  - NotFinished
  - false
  - - 0
    - 1
    - 2
    - 0
    - 0
    - 2
    - 0
    - 1
    - 1
- - 2
  - NotFinished
  - false
  - - 2
    - 1
    - 2
    - 0
    - 0
    - 2
    - 0
    - 1
    - 1
- - 1
  - NotFinished
  - false
  - - 2
    - 1
    - 2
    - 1
    - 0
    - 2
    - 0
    - 1
    - 1
- - 2
  - NotFinished
  - false
  - - 2
    - 1
    - 2
    - 1
    - 0
    - 2
    - 2
    - 1
    - 1
- - 1
  - CrossWin
  - true
  - - 2
    - 1
    - 2
    - 1
    - 1
    - 2
    - 2
    - 1
    - 1
- - 1
  - NotFinished
  - false
  - - 0
    - 0
    - 0
    - 0
    - 1
    - 0
    - 0
    - 0
    - 0
- - 2
  - NotFinished
  - false
  - - 0
    - 0
    - 0
    - 0
    - 1
    - 0
    - 2
    - 0
    - 0
- - 1
  - NotFinished
  - false
  - - 0
    - 0
    - 0
    - 1
    - 1
    - 0
    - 2
    - 0
    - 0
- - 2
  - NotFinished
  - false
  - - 0
    - 0
    - 0
    - 1
    - 1
    - 0
    - 2
    - 2
    - 0
- - 1
  - NotFinished
  - false
  - - 1
    - 0
    - 0
    - 1
    - 1
    - 0
    - 2
    - 2
    - 0
- - 2
  - NotFinished
  - false
  - - 1
    - 0
    - 0
    - 1
    - 1
    - 2
    - 2
    - 2
    - 0
- - 1
  - CrossWin
  - true
  - - 1
    - 0
    - 0
    - 1
    - 1
    - 2
    - 2
    - 2
    - 1
- - 1
  - NotFinished
  - false
  - - 0
    - 0
    - 0
    - 0
    - 0
    - 0
    - 1
    - 0
    - 0
- - 2
  - NotFinished
  - false
  - - 0
    - 0
    - 0
    - 0
    - 0
    - 2
    - 1
    - 0
    - 0
- - 1
  - NotFinished
  - false
  - - 0
    - 1
    - 0
    - 0
    - 0
    - 2
    - 1
    - 0
    - 0
- - 2
  - NotFinished
  - false
  - - 0
    - 1
    - 0
    - 0
    - 0
    - 2
    - 1
    - 2
    - 0
- - 1
  - NotFinished
  - false
  - - 0
    - 1
    - 0
    - 0
    - 1
    - 2
    - 1
    - 2
    - 0
- - 2
  - NotFinished
  - false
  - - 0
    - 1
    - 0
    - 2
    - 1
    - 2
    - 1
    - 2
    - 0
- - 1
  - NotFinished
  - false
  - - 1
    - 1
    - 0
    - 2
    - 1
    - 2
    - 1
    - 2
    - 0
- - 2
  - NotFinished
  - false
  - - 1
    - 1
    - 0
    - 2
    - 1
    - 2
    - 1
    - 2
    - 2
- - 1
  - CrossWin
  - true
  - - 1
    - 1
    - 1
    - 2
    - 1
    - 2
    - 1
    - 2
    - 2
- - 1
  - NotFinished
  - false
  - - 0
    - 0
    - 0
    - 0
    - 0
    - 0
    - 1
    - 0
    - 0
- - 2
  - NotFinished
  - false
  - - 0
    - 0
    - 0
    - 0
    - 2
    - 0
    - 1
    - 0
    - 0
- - 1
  - NotFinished
  - false
  - - 1
    - 0
    - 0
    - 0
    - 2
    - 0
    - 1
    - 0
    - 0
- - 2
  - NotFinished
  - false
  - - 1
    - 0
    - 0
    - 2
    - 2
    - 0
    - 1
    - 0
    - 0
- - 1
  - NotFinished
  - false
  - - 1
    - 0
    - 1
    - 2
    - 2
    - 0
    - 1
    - 0
    - 0
- - 2
  - NotFinished
  - false
  - - 1
    - 0
    - 1
    - 2
    - 2
    - 0
    - 1
    - 0
    - 2
- - 1
  - NotFinished
  - false
  - - 1
    - 0
    - 1
    - 2
    - 2
    - 1
    - 1
    - 0
    - 2
- - 2
  - NotFinished
  - false
  - - 1
    - 2
    - 1
    - 2
    - 2
    - 1
    - 1
    - 0
    - 2
- - 1
  - Draw
  - true
  - - 1
    - 2
    - 1
    - 2
    - 2
    - 1
    - 1
    - 1
    - 2
- - 1
  - NotFinished
  - false
  - - 0
    - 1
    - 0
    - 0
    - 0
    - 0
    - 0
    - 0
    - 0
- - 2
  - NotFinished
  - false
  - - 2
    - 1
    - 0
    - 0
    - 0
    - 0
    - 0
    - 0
    - 0
- - 1
  - NotFinished
  - false
  - - 2
    - 1
    - 0
    - 0
    - 0
    - 0
    - 0
    - 1
    - 0
- - 2
  - NotFinished
  - false
  - - 2
    - 1
    - 0
    - 0
    - 0
    - 0
    - 0
    - 1
    - 2
- - 1
  - NotFinished
  - false
  - - 2
    - 1
    - 0
    - 0
    - 0
    - 1
    - 0
    - 1
    - 2
- - 2
  - NaughtWin
  - true
  - - 2
    - 1
    - 0
    - 0
    - 2
    - 1
    - 0
    - 1
    - 2
- - 1
  - NotFinished
  - false
  - - 0
    - 0
    - 0
    - 0
    - 1
    - 0
    - 0
    - 0
    - 0
- - 2
  - NotFinished
  - false
  - - 0
    - 0
    - 0
    - 0
    - 1
    - 0
    - 2
    - 0
    - 0
- - 1
  - NotFinished
  - false
  - - 0
    - 0
    - 0
    - 0
    - 1
    - 0
    - 2
    - 1
    - 0
- - 2
  - NotFinished
  - false
  - - 2
    - 0
    - 0
    - 0
    - 1
    - 0
    - 2
    - 1
    - 0
- - 1
  - CrossWin
  - true
  - - 2
    - 1
    - 0
    - 0
    - 1
    - 0
    - 2
    - 1
    - 0
- - 1
  - NotFinished
  - false
  - - 0
    - 1
    - 0
    - 0
    - 0
    - 0
    - 0
    - 0
    - 0
- - 2
  - NotFinished
  - false
  - - 0
    - 1
    - 0
    - 0
    - 0
    - 2
    - 0
    - 0
    - 0
- - 1
  - NotFinished
  - false
  - - 0
    - 1
    - 0
    - 0
    - 0
    - 2
    - 1
    - 0
    - 0
- - 2
  - NotFinished
  - false
  - - 0
    - 1
    - 0
    - 0
    - 0
    - 2
    - 1
    - 2
    - 0
- - 1
  - NotFinished
  - false
  - - 0
    - 1
    - 1
    - 0
    - 0
    - 2
    - 1
    - 2
    - 0
- - 2
  - NotFinished
  - false
  - - 2
    - 1
    - 1
    - 0
    - 0
    - 2
    - 1
    - 2
    - 0
- - 1
  - CrossWin
  - true
  - - 2
    - 1
    - 1
    - 0
    - 1
    - 2
    - 1
    - 2
    - 0
- - 1
  - NotFinished
  - false
  - - 0
    - 0
    - 1
    - 0
    - 0
    - 0
    - 0
    - 0
    - 0
- - 2
  - NotFinished
  - false
  - - 2
    - 0
    - 1
    - 0
    - 0
    - 0
    - 0
    - 0
    - 0
- - 1
  - NotFinished
  - false
  - - 2
    - 0
    - 1
    - 0
    - 0
    - 1
    - 0
    - 0
    - 0
- - 2
  - NotFinished
  - false
  - - 2
    - 0
    - 1
    - 0
    - 0
    - 1
    - 0
    - 2
    - 0
- - 1
  - NotFinished
  - false
  - - 2
    - 1
    - 1
    - 0
    - 0
    - 1
    - 0
    - 2
    - 0
- - 2
  - NotFinished
  - false
  - - 2
    - 1
    - 1
    - 2
    - 0
    - 1
    - 0
    - 2
    - 0
- - 1
  - CrossWin
  - true
  - - 2
    - 1
    - 1
    - 2
    - 0
    - 1
    - 0
    - 2
    - 1
- - 1
  - NotFinished
  - false
  - - 0
    - 0
    - 0
    - 0
    - 0
    - 1
    - 0
    - 0
    - 0
- - 2
  - NotFinished
  - false
  - - 0
    - 0
    - 0
    - 2
    - 0
    - 1
    - 0
    - 0
    - 0
- - 1
  - NotFinished
  - false
  - - 0
    - 0
    - 0
    - 2
    - 0
    - 1
    - 0
    - 0
    - 1
- - 2
  - NotFinished
  - false
  - - 0
    - 0
    - 0
    - 2
    - 2
    - 1
    - 0
    - 0
    - 1
- - 1
  - NotFinished
  - false
  - - 0
    - 0
    - 0
    - 2
    - 2
    - 1
    - 1
    - 0
    - 1
- - 2
  - NotFinished
  - false
  - - 0
    - 0
    - 0
    - 2
    - 2
    - 1
    - 1
    - 2
    - 1
- - 1
  - NotFinished
  - false
  - - 1
    - 0
    - 0
    - 2
    - 2
    - 1
    - 1
    - 2
    - 1
- - 2
  - NotFinished
  - false
  - - 1
    - 0
    - 2
    - 2
    - 2
    - 1
    - 1
    - 2
    - 1
- - 1
  - Draw
  - true
  - - 1
    - 1
    - 2
    - 2
    - 2
    - 1
    - 1
    - 2
    - 1
- - 1
  - NotFinished
  - false
  - - 0
    - 1
    - 0
    - 0
    - 0
    - 0
    - 0
    - 0
    - 0
- - 2
  - NotFinished
  - false
  - - 0
    - 1
    - 0
    - 2
    - 0
    - 0
    - 0
    - 0
    - 0
- - 1
  - NotFinished
  - false
  - - 0
    - 1
    - 0
    - 2
    - 0
    - 0
    - 0
    - 1
    - 0
- - 2
  - NotFinished
  - false
  - - 0
    - 1
    - 2
    - 2
    - 0
    - 0
    - 0
    - 1
    - 0
- - 1
  - NotFinished
  - false
  - - 0
    - 1
    - 2
    - 2
    - 0
    - 1
    - 0
    - 1
    - 0
- - 2
  - NotFinished
  - false
  - - 0
    - 1
    - 2
    - 2
    - 0
    - 1
    - 0
    - 1
    - 2
- - 1
  - NotFinished
  - false
  - - 0
    - 1
    - 2
    - 2
    - 0
    - 1
    - 1
    - 1
    - 2
- - 2
  - NotFinished
  - false
  - - 0
    - 1
    - 2
    - 2
    - 2
    - 1
    - 1
    - 1
    - 2
- - 1
  - Draw
  - true
  - - 1
    - 1
    - 2
    - 2
    - 2
    - 1
    - 1
    - 1
    - 2
