---
source: src/ttt/game.rs
expression: game_output
---
- - Naught
  - Random
  - ~
  - - ~
    - ~
    - Naught
    - ~
    - ~
    - ~
    - ~
    - ~
    - ~
- - Cross
  - Random
  - ~
  - - ~
    - ~
    - Naught
    - Cross
    - ~
    - ~
    - ~
    - ~
    - ~
- - Naught
  - Random
  - ~
  - - ~
    - ~
    - Naught
    - Cross
    - ~
    - ~
    - ~
    - ~
    - Naught
- - Cross
  - Random
  - ~
  - - Cross
    - ~
    - Naught
    - Cross
    - ~
    - ~
    - ~
    - ~
    - Naught
- - Naught
  - Random
  - NaughtWin
  - - Cross
    - ~
    - Naught
    - Cross
    - ~
    - Naught
    - ~
    - ~
    - Naught
- - Naught
  - Random
  - ~
  - - ~
    - ~
    - ~
    - ~
    - ~
    - ~
    - Naught
    - ~
    - ~
- - Cross
  - Random
  - ~
  - - ~
    - ~
    - ~
    - ~
    - Cross
    - ~
    - Naught
    - ~
    - ~
- - Naught
  - Random
  - ~
  - - ~
    - ~
    - ~
    - ~
    - Cross
    - Naught
    - Naught
    - ~
    - ~
- - Cross
  - Random
  - ~
  - - ~
    - Cross
    - ~
    - ~
    - Cross
    - Naught
    - Naught
    - ~
    - ~
- - Naught
  - Random
  - ~
  - - Naught
    - Cross
    - ~
    - ~
    - Cross
    - Naught
    - Naught
    - ~
    - ~
- - Cross
  - Random
  - ~
  - - Naught
    - Cross
    - Cross
    - ~
    - Cross
    - Naught
    - Naught
    - ~
    - ~
- - Naught
  - Random
  - NaughtWin
  - - Naught
    - Cross
    - Cross
    - Naught
    - Cross
    - Naught
    - Naught
    - ~
    - ~
- - Naught
  - Random
  - ~
  - - ~
    - ~
    - ~
    - ~
    - ~
    - Naught
    - ~
    - ~
    - ~
- - Cross
  - Random
  - ~
  - - ~
    - ~
    - Cross
    - ~
    - ~
    - Naught
    - ~
    - ~
    - ~
- - Naught
  - Random
  - ~
  - - ~
    - Naught
    - Cross
    - ~
    - ~
    - Naught
    - ~
    - ~
    - ~
- - Cross
  - Random
  - ~
  - - ~
    - Naught
    - Cross
    - ~
    - ~
    - Naught
    - Cross
    - ~
    - ~
- - Naught
  - Random
  - ~
  - - ~
    - Naught
    - Cross
    - ~
    - Naught
    - Naught
    - Cross
    - ~
    - ~
- - Cross
  - Random
  - ~
  - - Cross
    - Naught
    - Cross
    - ~
    - Naught
    - Naught
    - Cross
    - ~
    - ~
- - Naught
  - Random
  - ~
  - - Cross
    - Naught
    - Cross
    - ~
    - Naught
    - Naught
    - Cross
    - ~
    - Naught
- - Cross
  - Random
  - CrossWin
  - - Cross
    - Naught
    - Cross
    - Cross
    - Naught
    - Naught
    - Cross
    - ~
    - Naught
- - Naught
  - Random
  - ~
  - - ~
    - ~
    - ~
    - Naught
    - ~
    - ~
    - ~
    - ~
    - ~
- - Cross
  - Random
  - ~
  - - ~
    - ~
    - ~
    - Naught
    - Cross
    - ~
    - ~
    - ~
    - ~
- - Naught
  - Random
  - ~
  - - ~
    - ~
    - ~
    - Naught
    - Cross
    - Naught
    - ~
    - ~
    - ~
- - Cross
  - Random
  - ~
  - - ~
    - ~
    - Cross
    - Naught
    - Cross
    - Naught
    - ~
    - ~
    - ~
- - Naught
  - Random
  - ~
  - - ~
    - ~
    - Cross
    - Naught
    - Cross
    - Naught
    - Naught
    - ~
    - ~
- - Cross
  - Random
  - ~
  - - ~
    - Cross
    - Cross
    - Naught
    - Cross
    - Naught
    - Naught
    - ~
    - ~
- - Naught
  - Random
  - ~
  - - ~
    - Cross
    - Cross
    - Naught
    - Cross
    - Naught
    - Naught
    - ~
    - Naught
- - Cross
  - Random
  - CrossWin
  - - ~
    - Cross
    - Cross
    - Naught
    - Cross
    - Naught
    - Naught
    - Cross
    - Naught
- - Naught
  - Random
  - ~
  - - ~
    - ~
    - Naught
    - ~
    - ~
    - ~
    - ~
    - ~
    - ~
- - Cross
  - Random
  - ~
  - - ~
    - ~
    - Naught
    - Cross
    - ~
    - ~
    - ~
    - ~
    - ~
- - Naught
  - Random
  - ~
  - - ~
    - ~
    - Naught
    - Cross
    - Naught
    - ~
    - ~
    - ~
    - ~
- - Cross
  - Random
  - ~
  - - ~
    - ~
    - Naught
    - Cross
    - Naught
    - Cross
    - ~
    - ~
    - ~
- - Naught
  - Random
  - ~
  - - ~
    - ~
    - Naught
    - Cross
    - Naught
    - Cross
    - ~
    - ~
    - Naught
- - Cross
  - Random
  - ~
  - - ~
    - ~
    - Naught
    - Cross
    - Naught
    - Cross
    - ~
    - Cross
    - Naught
- - Naught
  - Random
  - ~
  - - ~
    - Naught
    - Naught
    - Cross
    - Naught
    - Cross
    - ~
    - Cross
    - Naught
- - Cross
  - Random
  - ~
  - - ~
    - Naught
    - Naught
    - Cross
    - Naught
    - Cross
    - Cross
    - Cross
    - Naught
- - Naught
  - Random
  - NaughtWin
  - - Naught
    - Naught
    - Naught
    - Cross
    - Naught
    - Cross
    - Cross
    - Cross
    - Naught
- - Naught
  - Random
  - ~
  - - ~
    - ~
    - ~
    - ~
    - Naught
    - ~
    - ~
    - ~
    - ~
- - Cross
  - Random
  - ~
  - - ~
    - ~
    - ~
    - Cross
    - Naught
    - ~
    - ~
    - ~
    - ~
- - Naught
  - Random
  - ~
  - - Naught
    - ~
    - ~
    - Cross
    - Naught
    - ~
    - ~
    - ~
    - ~
- - Cross
  - Random
  - ~
  - - Naught
    - Cross
    - ~
    - Cross
    - Naught
    - ~
    - ~
    - ~
    - ~
- - Naught
  - Random
  - ~
  - - Naught
    - Cross
    - ~
    - Cross
    - Naught
    - ~
    - Naught
    - ~
    - ~
- - Cross
  - Random
  - ~
  - - Naught
    - Cross
    - ~
    - Cross
    - Naught
    - ~
    - Naught
    - Cross
    - ~
- - Naught
  - Random
  - ~
  - - Naught
    - Cross
    - ~
    - Cross
    - Naught
    - Naught
    - Naught
    - Cross
    - ~
- - Cross
  - Random
  - ~
  - - Naught
    - Cross
    - Cross
    - Cross
    - Naught
    - Naught
    - Naught
    - Cross
    - ~
- - Naught
  - Random
  - NaughtWin
  - - Naught
    - Cross
    - Cross
    - Cross
    - Naught
    - Naught
    - Naught
    - Cross
    - Naught
- - Naught
  - Random
  - ~
  - - ~
    - ~
    - ~
    - ~
    - Naught
    - ~
    - ~
    - ~
    - ~
- - Cross
  - Random
  - ~
  - - ~
    - ~
    - ~
    - Cross
    - Naught
    - ~
    - ~
    - ~
    - ~
- - Naught
  - Random
  - ~
  - - ~
    - ~
    - Naught
    - Cross
    - Naught
    - ~
    - ~
    - ~
    - ~
- - Cross
  - Random
  - ~
  - - Cross
    - ~
    - Naught
    - Cross
    - Naught
    - ~
    - ~
    - ~
    - ~
- - Naught
  - Random
  - ~
  - - Cross
    - ~
    - Naught
    - Cross
    - Naught
    - ~
    - ~
    - ~
    - Naught
- - Cross
  - Random
  - ~
  - - Cross
    - ~
    - Naught
    - Cross
    - Naught
    - ~
    - ~
    - Cross
    - Naught
- - Naught
  - Random
  - NaughtWin
  - - Cross
    - ~
    - Naught
    - Cross
    - Naught
    - Naught
    - ~
    - Cross
    - Naught
- - Naught
  - Random
  - ~
  - - ~
    - ~
    - ~
    - ~
    - ~
    - ~
    - ~
    - Naught
    - ~
- - Cross
  - Random
  - ~
  - - ~
    - ~
    - ~
    - ~
    - ~
    - Cross
    - ~
    - Naught
    - ~
- - Naught
  - Random
  - ~
  - - ~
    - ~
    - ~
    - ~
    - Naught
    - Cross
    - ~
    - Naught
    - ~
- - Cross
  - Random
  - ~
  - - ~
    - ~
    - ~
    - ~
    - Naught
    - Cross
    - ~
    - Naught
    - Cross
- - Naught
  - Random
  - ~
  - - Naught
    - ~
    - ~
    - ~
    - Naught
    - Cross
    - ~
    - Naught
    - Cross
- - Cross
  - Random
  - ~
  - - Naught
    - Cross
    - ~
    - ~
    - Naught
    - Cross
    - ~
    - Naught
    - Cross
- - Naught
  - Random
  - ~
  - - Naught
    - Cross
    - ~
    - Naught
    - Naught
    - Cross
    - ~
    - Naught
    - Cross
- - Cross
  - Random
  - CrossWin
  - - Naught
    - Cross
    - Cross
    - Naught
    - Naught
    - Cross
    - ~
    - Naught
    - Cross
- - Naught
  - Random
  - ~
  - - ~
    - Naught
    - ~
    - ~
    - ~
    - ~
    - ~
    - ~
    - ~
- - Cross
  - Random
  - ~
  - - ~
    - Naught
    - ~
    - ~
    - ~
    - ~
    - Cross
    - ~
    - ~
- - Naught
  - Random
  - ~
  - - Naught
    - Naught
    - ~
    - ~
    - ~
    - ~
    - Cross
    - ~
    - ~
- - Cross
  - Random
  - ~
  - - Naught
    - Naught
    - ~
    - ~
    - ~
    - Cross
    - Cross
    - ~
    - ~
- - Naught
  - Random
  - ~
  - - Naught
    - Naught
    - ~
    - Naught
    - ~
    - Cross
    - Cross
    - ~
    - ~
- - Cross
  - Random
  - ~
  - - Naught
    - Naught
    - ~
    - Naught
    - Cross
    - Cross
    - Cross
    - ~
    - ~
- - Naught
  - Random
  - ~
  - - Naught
    - Naught
    - ~
    - Naught
    - Cross
    - Cross
    - Cross
    - ~
    - Naught
- - Cross
  - Random
  - CrossWin
  - - Naught
    - Naught
    - Cross
    - Naught
    - Cross
    - Cross
    - Cross
    - ~
    - Naught
- - Naught
  - Random
  - ~
  - - Naught
    - ~
    - ~
    - ~
    - ~
    - ~
    - ~
    - ~
    - ~
- - Cross
  - Random
  - ~
  - - Naught
    - ~
    - ~
    - ~
    - ~
    - ~
    - Cross
    - ~
    - ~
- - Naught
  - Random
  - ~
  - - Naught
    - ~
    - ~
    - ~
    - ~
    - Naught
    - Cross
    - ~
    - ~
- - Cross
  - Random
  - ~
  - - Naught
    - ~
    - ~
    - Cross
    - ~
    - Naught
    - Cross
    - ~
    - ~
- - Naught
  - Random
  - ~
  - - Naught
    - ~
    - Naught
    - Cross
    - ~
    - Naught
    - Cross
    - ~
    - ~
- - Cross
  - Random
  - ~
  - - Naught
    - ~
    - Naught
    - Cross
    - Cross
    - Naught
    - Cross
    - ~
    - ~
- - Naught
  - Random
  - NaughtWin
  - - Naught
    - ~
    - Naught
    - Cross
    - Cross
    - Naught
    - Cross
    - ~
    - Naught
- - Naught
  - Random
  - ~
  - - ~
    - ~
    - ~
    - ~
    - Naught
    - ~
    - ~
    - ~
    - ~
- - Cross
  - Random
  - ~
  - - ~
    - ~
    - ~
    - ~
    - Naught
    - ~
    - ~
    - Cross
    - ~
- - Naught
  - Random
  - ~
  - - ~
    - ~
    - ~
    - Naught
    - Naught
    - ~
    - ~
    - Cross
    - ~
- - Cross
  - Random
  - ~
  - - ~
    - ~
    - Cross
    - Naught
    - Naught
    - ~
    - ~
    - Cross
    - ~
- - Naught
  - Random
  - ~
  - - ~
    - Naught
    - Cross
    - Naught
    - Naught
    - ~
    - ~
    - Cross
    - ~
- - Cross
  - Random
  - ~
  - - ~
    - Naught
    - Cross
    - Naught
    - Naught
    - Cross
    - ~
    - Cross
    - ~
- - Naught
  - Random
  - ~
  - - ~
    - Naught
    - Cross
    - Naught
    - Naught
    - Cross
    - Naught
    - Cross
    - ~
- - Cross
  - Random
  - ~
  - - Cross
    - Naught
    - Cross
    - Naught
    - Naught
    - Cross
    - Naught
    - Cross
    - ~
- - Naught
  - Random
  - Draw
  - - Cross
    - Naught
    - Cross
    - Naught
    - Naught
    - Cross
    - Naught
    - Cross
    - Naught
- - Naught
  - Random
  - ~
  - - ~
    - ~
    - ~
    - ~
    - ~
    - ~
    - Naught
    - ~
    - ~
- - Cross
  - Random
  - ~
  - - ~
    - ~
    - ~
    - ~
    - ~
    - ~
    - Naught
    - ~
    - Cross
- - Naught
  - Random
  - ~
  - - ~
    - ~
    - Naught
    - ~
    - ~
    - ~
    - Naught
    - ~
    - Cross
- - Cross
  - Random
  - ~
  - - ~
    - ~
    - Naught
    - ~
    - Cross
    - ~
    - Naught
    - ~
    - Cross
- - Naught
  - Random
  - ~
  - - Naught
    - ~
    - Naught
    - ~
    - Cross
    - ~
    - Naught
    - ~
    - Cross
- - Cross
  - Random
  - ~
  - - Naught
    - Cross
    - Naught
    - ~
    - Cross
    - ~
    - Naught
    - ~
    - Cross
- - Naught
  - Random
  - ~
  - - Naught
    - Cross
    - Naught
    - ~
    - Cross
    - Naught
    - Naught
    - ~
    - Cross
- - Cross
  - Random
  - ~
  - - Naught
    - Cross
    - Naught
    - Cross
    - Cross
    - Naught
    - Naught
    - ~
    - Cross
- - Naught
  - Random
  - Draw
  - - Naught
    - Cross
    - Naught
    - Cross
    - Cross
    - Naught
    - Naught
    - Naught
    - Cross
- - Naught
  - Random
  - ~
  - - ~
    - ~
    - ~
    - ~
    - Naught
    - ~
    - ~
    - ~
    - ~
- - Cross
  - Random
  - ~
  - - ~
    - ~
    - ~
    - ~
    - Naught
    - ~
    - Cross
    - ~
    - ~
- - Naught
  - Random
  - ~
  - - ~
    - ~
    - ~
    - ~
    - Naught
    - ~
    - Cross
    - ~
    - Naught
- - Cross
  - Random
  - ~
  - - ~
    - ~
    - Cross
    - ~
    - Naught
    - ~
    - Cross
    - ~
    - Naught
- - Naught
  - Random
  - ~
  - - ~
    - ~
    - Cross
    - ~
    - Naught
    - Naught
    - Cross
    - ~
    - Naught
- - Cross
  - Random
  - ~
  - - ~
    - ~
    - Cross
    - ~
    - Naught
    - Naught
    - Cross
    - Cross
    - Naught
- - Naught
  - Random
  - NaughtWin
  - - ~
    - ~
    - Cross
    - Naught
    - Naught
    - Naught
    - Cross
    - Cross
    - Naught
- - Naught
  - Random
  - ~
  - - ~
    - ~
    - ~
    - Naught
    - ~
    - ~
    - ~
    - ~
    - ~
- - Cross
  - Random
  - ~
  - - Cross
    - ~
    - ~
    - Naught
    - ~
    - ~
    - ~
    - ~
    - ~
- - Naught
  - Random
  - ~
  - - Cross
    - ~
    - ~
    - Naught
    - ~
    - ~
    - ~
    - ~
    - Naught
- - Cross
  - Random
  - ~
  - - Cross
    - ~
    - Cross
    - Naught
    - ~
    - ~
    - ~
    - ~
    - Naught
- - Naught
  - Random
  - ~
  - - Cross
    - Naught
    - Cross
    - Naught
    - ~
    - ~
    - ~
    - ~
    - Naught
- - Cross
  - Random
  - ~
  - - Cross
    - Naught
    - Cross
    - Naught
    - ~
    - ~
    - Cross
    - ~
    - Naught
- - Naught
  - Random
  - ~
  - - Cross
    - Naught
    - Cross
    - Naught
    - Naught
    - ~
    - Cross
    - ~
    - Naught
- - Cross
  - Random
  - ~
  - - Cross
    - Naught
    - Cross
    - Naught
    - Naught
    - Cross
    - Cross
    - ~
    - Naught
- - Naught
  - Random
  - NaughtWin
  - - Cross
    - Naught
    - Cross
    - Naught
    - Naught
    - Cross
    - Cross
    - Naught
    - Naught
- - Naught
  - Random
  - ~
  - - ~
    - ~
    - ~
    - Naught
    - ~
    - ~
    - ~
    - ~
    - ~
- - Cross
  - Random
  - ~
  - - ~
    - ~
    - ~
    - Naught
    - ~
    - ~
    - ~
    - Cross
    - ~
- - Naught
  - Random
  - ~
  - - Naught
    - ~
    - ~
    - Naught
    - ~
    - ~
    - ~
    - Cross
    - ~
- - Cross
  - Random
  - ~
  - - Naught
    - ~
    - ~
    - Naught
    - Cross
    - ~
    - ~
    - Cross
    - ~
- - Naught
  - Random
  - ~
  - - Naught
    - ~
    - Naught
    - Naught
    - Cross
    - ~
    - ~
    - Cross
    - ~
- - Cross
  - Random
  - CrossWin
  - - Naught
    - Cross
    - Naught
    - Naught
    - Cross
    - ~
    - ~
    - Cross
    - ~
- - Naught
  - Random
  - ~
  - - ~
    - ~
    - ~
    - Naught
    - ~
    - ~
    - ~
    - ~
    - ~
- - Cross
  - Random
  - ~
  - - ~
    - ~
    - ~
    - Naught
    - Cross
    - ~
    - ~
    - ~
    - ~
- - Naught
  - Random
  - ~
  - - ~
    - Naught
    - ~
    - Naught
    - Cross
    - ~
    - ~
    - ~
    - ~
- - Cross
  - Random
  - ~
  - - ~
    - Naught
    - Cross
    - Naught
    - Cross
    - ~
    - ~
    - ~
    - ~
- - Naught
  - Random
  - ~
  - - ~
    - Naught
    - Cross
    - Naught
    - Cross
    - ~
    - ~
    - ~
    - Naught
- - Cross
  - Random
  - ~
  - - Cross
    - Naught
    - Cross
    - Naught
    - Cross
    - ~
    - ~
    - ~
    - Naught
- - Naught
  - Random
  - ~
  - - Cross
    - Naught
    - Cross
    - Naught
    - Cross
    - Naught
    - ~
    - ~
    - Naught
- - Cross
  - Random
  - CrossWin
  - - Cross
    - Naught
    - Cross
    - Naught
    - Cross
    - Naught
    - Cross
    - ~
    - Naught
- - Naught
  - Random
  - ~
  - - Naught
    - ~
    - ~
    - ~
    - ~
    - ~
    - ~
    - ~
    - ~
- - Cross
  - Random
  - ~
  - - Naught
    - ~
    - ~
    - ~
    - ~
    - ~
    - Cross
    - ~
    - ~
- - Naught
  - Random
  - ~
  - - Naught
    - ~
    - ~
    - ~
    - ~
    - Naught
    - Cross
    - ~
    - ~
- - Cross
  - Random
  - ~
  - - Naught
    - ~
    - ~
    - Cross
    - ~
    - Naught
    - Cross
    - ~
    - ~
- - Naught
  - Random
  - ~
  - - Naught
    - ~
    - ~
    - Cross
    - Naught
    - Naught
    - Cross
    - ~
    - ~
- - Cross
  - Random
  - ~
  - - Naught
    - Cross
    - ~
    - Cross
    - Naught
    - Naught
    - Cross
    - ~
    - ~
- - Naught
  - Random
  - ~
  - - Naught
    - Cross
    - ~
    - Cross
    - Naught
    - Naught
    - Cross
    - Naught
    - ~
- - Cross
  - Random
  - ~
  - - Naught
    - Cross
    - Cross
    - Cross
    - Naught
    - Naught
    - Cross
    - Naught
    - ~
- - Naught
  - Random
  - NaughtWin
  - - Naught
    - Cross
    - Cross
    - Cross
    - Naught
    - Naught
    - Cross
    - Naught
    - Naught
- - Naught
  - Random
  - ~
  - - ~
    - Naught
    - ~
    - ~
    - ~
    - ~
    - ~
    - ~
    - ~
- - Cross
  - Random
  - ~
  - - ~
    - Naught
    - ~
    - ~
    - ~
    - ~
    - ~
    - Cross
    - ~
- - Naught
  - Random
  - ~
  - - ~
    - Naught
    - ~
    - Naught
    - ~
    - ~
    - ~
    - Cross
    - ~
- - Cross
  - Random
  - ~
  - - ~
    - Naught
    - ~
    - Naught
    - ~
    - ~
    - Cross
    - Cross
    - ~
- - Naught
  - Random
  - ~
  - - ~
    - Naught
    - ~
    - Naught
    - Naught
    - ~
    - Cross
    - Cross
    - ~
- - Cross
  - Random
  - ~
  - - ~
    - Naught
    - Cross
    - Naught
    - Naught
    - ~
    - Cross
    - Cross
    - ~
- - Naught
  - Random
  - ~
  - - Naught
    - Naught
    - Cross
    - Naught
    - Naught
    - ~
    - Cross
    - Cross
    - ~
- - Cross
  - Random
  - CrossWin
  - - Naught
    - Naught
    - Cross
    - Naught
    - Naught
    - ~
    - Cross
    - Cross
    - Cross
- - Naught
  - Random
  - ~
  - - ~
    - ~
    - ~
    - ~
    - ~
    - ~
    - Naught
    - ~
    - ~
- - Cross
  - Random
  - ~
  - - ~
    - ~
    - ~
    - ~
    - ~
    - ~
    - Naught
    - Cross
    - ~
- - Naught
  - Random
  - ~
  - - ~
    - ~
    - ~
    - ~
    - Naught
    - ~
    - Naught
    - Cross
    - ~
- - Cross
  - Random
  - ~
  - - Cross
    - ~
    - ~
    - ~
    - Naught
    - ~
    - Naught
    - Cross
    - ~
- - Naught
  - Random
  - ~
  - - Cross
    - ~
    - ~
    - ~
    - Naught
    - Naught
    - Naught
    - Cross
    - ~
- - Cross
  - Random
  - ~
  - - Cross
    - ~
    - ~
    - ~
    - Naught
    - Naught
    - Naught
    - Cross
    - Cross
- - Naught
  - Random
  - NaughtWin
  - - Cross
    - ~
    - Naught
    - ~
    - Naught
    - Naught
    - Naught
    - Cross
    - Cross
- - Naught
  - Random
  - ~
  - - ~
    - ~
    - ~
    - Naught
    - ~
    - ~
    - ~
    - ~
    - ~
- - Cross
  - Random
  - ~
  - - ~
    - ~
    - ~
    - Naught
    - ~
    - ~
    - Cross
    - ~
    - ~
- - Naught
  - Random
  - ~
  - - ~
    - ~
    - ~
    - Naught
    - ~
    - Naught
    - Cross
    - ~
    - ~
- - Cross
  - Random
  - ~
  - - ~
    - ~
    - Cross
    - Naught
    - ~
    - Naught
    - Cross
    - ~
    - ~
- - Naught
  - Random
  - ~
  - - Naught
    - ~
    - Cross
    - Naught
    - ~
    - Naught
    - Cross
    - ~
    - ~
- - Cross
  - Random
  - ~
  - - Naught
    - ~
    - Cross
    - Naught
    - ~
    - Naught
    - Cross
    - ~
    - Cross
- - Naught
  - Random
  - ~
  - - Naught
    - ~
    - Cross
    - Naught
    - ~
    - Naught
    - Cross
    - Naught
    - Cross
- - Cross
  - Random
  - CrossWin
  - - Naught
    - ~
    - Cross
    - Naught
    - Cross
    - Naught
    - Cross
    - Naught
    - Cross
